###############################################################################
#
# IAR ELF Linker V9.20.2.320/W64 for ARM                  22/Mar/2022  06:44:44
# Copyright 2007-2021 IAR Systems AB.
#
#    Output file  =
#        E:\X-CUBE-AWS_2.0.0_QC_2021_10_08\Projects\B-L4S5I-IOT01A\Applications\FLASH_OptionBytes\EWARM\X-CUBE-AWS_2.2.0\Exe\FLASH_OptionBytes.out
#    Map file     =
#        E:\X-CUBE-AWS_2.0.0_QC_2021_10_08\Projects\B-L4S5I-IOT01A\Applications\FLASH_OptionBytes\EWARM\X-CUBE-AWS_2.2.0\List\FLASH_OptionBytes.map
#    Command line =
#        -f
#        E:\X-CUBE-AWS_2.0.0_QC_2021_10_08\Projects\B-L4S5I-IOT01A\Applications\FLASH_OptionBytes\EWARM\X-CUBE-AWS_2.2.0\Exe\FLASH_OptionBytes.out.rsp
#        (E:\X-CUBE-AWS_2.0.0_QC_2021_10_08\Projects\B-L4S5I-IOT01A\Applications\FLASH_OptionBytes\EWARM\X-CUBE-AWS_2.2.0\Obj\Application\User\main.o
#        E:\X-CUBE-AWS_2.0.0_QC_2021_10_08\Projects\B-L4S5I-IOT01A\Applications\FLASH_OptionBytes\EWARM\X-CUBE-AWS_2.2.0\Obj\Application\EWARM\startup_stm32l4s5xx.o
#        E:\X-CUBE-AWS_2.0.0_QC_2021_10_08\Projects\B-L4S5I-IOT01A\Applications\FLASH_OptionBytes\EWARM\X-CUBE-AWS_2.2.0\Obj\Drivers\STM32L4xx_HAL_Driver\stm32l4xx_hal.o
#        E:\X-CUBE-AWS_2.0.0_QC_2021_10_08\Projects\B-L4S5I-IOT01A\Applications\FLASH_OptionBytes\EWARM\X-CUBE-AWS_2.2.0\Obj\Drivers\STM32L4xx_HAL_Driver\stm32l4xx_hal_cortex.o
#        E:\X-CUBE-AWS_2.0.0_QC_2021_10_08\Projects\B-L4S5I-IOT01A\Applications\FLASH_OptionBytes\EWARM\X-CUBE-AWS_2.2.0\Obj\Drivers\STM32L4xx_HAL_Driver\stm32l4xx_hal_dma.o
#        E:\X-CUBE-AWS_2.0.0_QC_2021_10_08\Projects\B-L4S5I-IOT01A\Applications\FLASH_OptionBytes\EWARM\X-CUBE-AWS_2.2.0\Obj\Drivers\STM32L4xx_HAL_Driver\stm32l4xx_hal_dma_ex.o
#        E:\X-CUBE-AWS_2.0.0_QC_2021_10_08\Projects\B-L4S5I-IOT01A\Applications\FLASH_OptionBytes\EWARM\X-CUBE-AWS_2.2.0\Obj\Drivers\STM32L4xx_HAL_Driver\stm32l4xx_hal_exti.o
#        E:\X-CUBE-AWS_2.0.0_QC_2021_10_08\Projects\B-L4S5I-IOT01A\Applications\FLASH_OptionBytes\EWARM\X-CUBE-AWS_2.2.0\Obj\Drivers\STM32L4xx_HAL_Driver\stm32l4xx_hal_flash.o
#        E:\X-CUBE-AWS_2.0.0_QC_2021_10_08\Projects\B-L4S5I-IOT01A\Applications\FLASH_OptionBytes\EWARM\X-CUBE-AWS_2.2.0\Obj\Application\User\stm32l4xx_hal_flash_ex.o
#        E:\X-CUBE-AWS_2.0.0_QC_2021_10_08\Projects\B-L4S5I-IOT01A\Applications\FLASH_OptionBytes\EWARM\X-CUBE-AWS_2.2.0\Obj\Drivers\STM32L4xx_HAL_Driver\stm32l4xx_hal_flash_ramfunc.o
#        E:\X-CUBE-AWS_2.0.0_QC_2021_10_08\Projects\B-L4S5I-IOT01A\Applications\FLASH_OptionBytes\EWARM\X-CUBE-AWS_2.2.0\Obj\Drivers\STM32L4xx_HAL_Driver\stm32l4xx_hal_gpio.o
#        E:\X-CUBE-AWS_2.0.0_QC_2021_10_08\Projects\B-L4S5I-IOT01A\Applications\FLASH_OptionBytes\EWARM\X-CUBE-AWS_2.2.0\Obj\Drivers\STM32L4xx_HAL_Driver\stm32l4xx_hal_i2c.o
#        E:\X-CUBE-AWS_2.0.0_QC_2021_10_08\Projects\B-L4S5I-IOT01A\Applications\FLASH_OptionBytes\EWARM\X-CUBE-AWS_2.2.0\Obj\Drivers\STM32L4xx_HAL_Driver\stm32l4xx_hal_i2c_ex.o
#        E:\X-CUBE-AWS_2.0.0_QC_2021_10_08\Projects\B-L4S5I-IOT01A\Applications\FLASH_OptionBytes\EWARM\X-CUBE-AWS_2.2.0\Obj\Application\User\stm32l4xx_hal_msp.o
#        E:\X-CUBE-AWS_2.0.0_QC_2021_10_08\Projects\B-L4S5I-IOT01A\Applications\FLASH_OptionBytes\EWARM\X-CUBE-AWS_2.2.0\Obj\Drivers\STM32L4xx_HAL_Driver\stm32l4xx_hal_pwr.o
#        E:\X-CUBE-AWS_2.0.0_QC_2021_10_08\Projects\B-L4S5I-IOT01A\Applications\FLASH_OptionBytes\EWARM\X-CUBE-AWS_2.2.0\Obj\Drivers\STM32L4xx_HAL_Driver\stm32l4xx_hal_pwr_ex.o
#        E:\X-CUBE-AWS_2.0.0_QC_2021_10_08\Projects\B-L4S5I-IOT01A\Applications\FLASH_OptionBytes\EWARM\X-CUBE-AWS_2.2.0\Obj\Drivers\STM32L4xx_HAL_Driver\stm32l4xx_hal_rcc.o
#        E:\X-CUBE-AWS_2.0.0_QC_2021_10_08\Projects\B-L4S5I-IOT01A\Applications\FLASH_OptionBytes\EWARM\X-CUBE-AWS_2.2.0\Obj\Drivers\STM32L4xx_HAL_Driver\stm32l4xx_hal_rcc_ex.o
#        E:\X-CUBE-AWS_2.0.0_QC_2021_10_08\Projects\B-L4S5I-IOT01A\Applications\FLASH_OptionBytes\EWARM\X-CUBE-AWS_2.2.0\Obj\Drivers\STM32L4xx_HAL_Driver\stm32l4xx_hal_tim.o
#        E:\X-CUBE-AWS_2.0.0_QC_2021_10_08\Projects\B-L4S5I-IOT01A\Applications\FLASH_OptionBytes\EWARM\X-CUBE-AWS_2.2.0\Obj\Drivers\STM32L4xx_HAL_Driver\stm32l4xx_hal_tim_ex.o
#        E:\X-CUBE-AWS_2.0.0_QC_2021_10_08\Projects\B-L4S5I-IOT01A\Applications\FLASH_OptionBytes\EWARM\X-CUBE-AWS_2.2.0\Obj\Drivers\STM32L4xx_HAL_Driver\stm32l4xx_hal_uart.o
#        E:\X-CUBE-AWS_2.0.0_QC_2021_10_08\Projects\B-L4S5I-IOT01A\Applications\FLASH_OptionBytes\EWARM\X-CUBE-AWS_2.2.0\Obj\Drivers\STM32L4xx_HAL_Driver\stm32l4xx_hal_uart_ex.o
#        E:\X-CUBE-AWS_2.0.0_QC_2021_10_08\Projects\B-L4S5I-IOT01A\Applications\FLASH_OptionBytes\EWARM\X-CUBE-AWS_2.2.0\Obj\Application\User\stm32l4xx_it.o
#        E:\X-CUBE-AWS_2.0.0_QC_2021_10_08\Projects\B-L4S5I-IOT01A\Applications\FLASH_OptionBytes\EWARM\X-CUBE-AWS_2.2.0\Obj\Drivers\CMSIS\system_stm32l4xx.o
#        --no_out_extension -o
#        E:\X-CUBE-AWS_2.0.0_QC_2021_10_08\Projects\B-L4S5I-IOT01A\Applications\FLASH_OptionBytes\EWARM\X-CUBE-AWS_2.2.0\Exe\FLASH_OptionBytes.out
#        --redirect _Printf=_PrintfFullNoMb --redirect _Scanf=_ScanfFullNoMb
#        --map
#        E:\X-CUBE-AWS_2.0.0_QC_2021_10_08\Projects\B-L4S5I-IOT01A\Applications\FLASH_OptionBytes\EWARM\X-CUBE-AWS_2.2.0\List\FLASH_OptionBytes.map
#        --config
#        E:\X-CUBE-AWS_2.0.0_QC_2021_10_08\Projects\B-L4S5I-IOT01A\Applications\FLASH_OptionBytes\EWARM/stm32l4s5xx_flash.icf
#        --semihosting --entry __iar_program_start --vfe --text_out locale)
#
###############################################################################

*******************************************************************************
*** RUNTIME MODEL ATTRIBUTES
***

CppFlavor       = *
__CPP_Runtime   = 1
__SystemLibrary = DLib
__dlib_version  = 6


*******************************************************************************
*** HEAP SELECTION
***

The basic heap was selected because no calls to memory allocation
functions were found in the application outside of system library
functions, and there are calls to deallocation functions in the
application.


*******************************************************************************
*** PLACEMENT SUMMARY
***

"A0":  place at address 0x800'0000 { ro section .intvec };
"P1":  place in [from 0x800'0000 to 0x81f'ffff] { ro };
define block CSTACK with size = 1K, alignment = 8 { };
define block HEAP with size = 512, alignment = 8 { };
"P2":  place in [from 0x2000'0000 to 0x2009'ffff] {
          rw, block CSTACK, block HEAP };
initialize by copy { rw };

  Section            Kind         Address    Size  Object
  -------            ----         -------    ----  ------
"A0":                                       0x1bc
  .intvec            ro code   0x800'0000   0x1bc  startup_stm32l4s5xx.o [1]
                             - 0x800'01bc   0x1bc

"P1":                                      0x48d2
  .text              ro code   0x800'01bc   0xf2e  xprintffull_nomb.o [5]
  .text              ro code   0x800'10ea    0x3a  packbits_init_single.o [7]
  .text              ro code   0x800'1124    0x16  strchr.o [7]
  .rodata            const     0x800'113a     0x2  xlocale_c.o [5]
  .text              ro code   0x800'113c    0x40  xfail_s.o [5]
  .text              ro code   0x800'117c    0x36  strlen.o [7]
  .rodata            const     0x800'11b2     0x1  xlocale_c.o [5]
  .text              ro code   0x800'11b4    0x58  memchr.o [7]
  .text              ro code   0x800'120c    0xa6  ABImemcpy.o [7]
  .text              ro code   0x800'12b4    0x70  frexp.o [6]
  .text              ro code   0x800'1324    0x34  DblCmpLe.o [6]
  .text              ro code   0x800'1358    0x34  DblCmpGe.o [6]
  .text              ro code   0x800'138c   0x13a  ldexp.o [6]
  .text              ro code   0x800'14c8    0x36  DblToS32.o [6]
  .text              ro code   0x800'1500    0x22  S32ToDbl.o [6]
  .text              ro code   0x800'1524   0x24e  DblAddSub.o [6]
  .text              ro code   0x800'1774   0x246  DblDiv.o [6]
  .text              ro code   0x800'19bc    0x22  DblToU32.o [6]
  .text              ro code   0x800'19e0    0x1c  U32ToDbl.o [6]
  .text              ro code   0x800'19fc   0x1aa  DblMul.o [6]
  .text              ro code   0x800'1ba8     0x8  xlocale_c.o [5]
  .text              ro code   0x800'1bb0   0x106  I64DivMod_small.o [7]
  .text              ro code   0x800'1cb6     0x6  abort.o [5]
  .text              ro code   0x800'1cbc     0x2  I64DivZer.o [7]
  .text              ro code   0x800'1cc0    0x14  exit.o [8]
  .text              ro code   0x800'1cd4   0xdd0  stm32l4xx_hal_uart.o [4]
  .text              ro code   0x800'2aa4    0x9c  stm32l4xx_hal_msp.o [2]
  .text              ro code   0x800'2b40     0xc  stm32l4xx_hal.o [4]
  .text              ro code   0x800'2b4c   0x7d4  stm32l4xx_hal_rcc.o [4]
  .text              ro code   0x800'3320    0x14  memset.o [7]
  .text              ro code   0x800'3334   0x1e8  stm32l4xx_hal_gpio.o [4]
  .text              ro code   0x800'351c    0x44  stm32l4xx_hal.o [4]
  .text              ro code   0x800'3560    0xc4  stm32l4xx_hal_pwr_ex.o [4]
  .text              ro code   0x800'3624    0x66  ABImemset.o [7]
  .text              ro code   0x800'368c    0xac  stm32l4xx_hal_cortex.o [4]
  .text              ro code   0x800'3738   0x57c  stm32l4xx_hal_rcc_ex.o [4]
  .text              ro code   0x800'3cb4   0x494  stm32l4xx_hal_flash_ex.o [2]
  .text              ro code   0x800'4148    0xd8  stm32l4xx_hal_flash.o [4]
  .text              ro code   0x800'4220   0x314  main.o [2]
  .text              ro code   0x800'4534    0x1e  stm32l4xx_hal.o [4]
  .text              ro code   0x800'4554   0x110  stm32l4xx_hal_uart_ex.o [4]
  .text              ro code   0x800'4664    0x28  printf.o [5]
  .text              ro code   0x800'468c    0x50  system_stm32l4xx.o [3]
  .text              ro code   0x800'46dc    0x44  putchar.o [5]
  .text              ro code   0x800'4720    0x38  zero_init3.o [7]
  .rodata            const     0x800'4758    0x30  system_stm32l4xx.o [3]
  .rodata            const     0x800'4788    0x28  main.o [2]
  .text              ro code   0x800'47b0    0x28  data_init.o [7]
  .text              ro code   0x800'47d8    0x22  fpinit_M.o [6]
  .iar.init_table    const     0x800'47fc    0x20  - Linker created -
  .text              ro code   0x800'481c    0x1e  cmain.o [7]
  .text              ro code   0x800'483a     0x4  low_level_init.o [5]
  .text              ro code   0x800'483e     0x4  exit.o [5]
  .text              ro code   0x800'4844     0xa  cexit.o [7]
  .text              ro code   0x800'4850    0x1c  cstartup_M.o [7]
  .text              ro code   0x800'486c    0x16  xprout.o [5]
  .text              ro code   0x800'4882    0x14  stm32l4xx_it.o [2]
  .text              ro code   0x800'4898    0x10  stm32l4xx_hal.o [4]
  .text              ro code   0x800'48a8    0x10  startup_stm32l4s5xx.o [1]
  .rodata            const     0x800'48b8     0x8  system_stm32l4xx.o [3]
  .text              ro code   0x800'48c0     0x4  startup_stm32l4s5xx.o [1]
  .text              ro code   0x800'48c4     0x4  startup_stm32l4s5xx.o [1]
  .text              ro code   0x800'48c8     0x4  startup_stm32l4s5xx.o [1]
  .text              ro code   0x800'48cc     0x4  startup_stm32l4s5xx.o [1]
  .text              ro code   0x800'48d0     0x4  startup_stm32l4s5xx.o [1]
  .text              ro code   0x800'48d4     0x4  startup_stm32l4s5xx.o [1]
  .text              ro code   0x800'48d8     0x4  startup_stm32l4s5xx.o [1]
  .text              ro code   0x800'48dc     0x4  startup_stm32l4s5xx.o [1]
  .text              ro code   0x800'48e0     0x4  startup_stm32l4s5xx.o [1]
  .text              ro code   0x800'48e4     0x4  startup_stm32l4s5xx.o [1]
  .text              ro code   0x800'48e8     0x4  startup_stm32l4s5xx.o [1]
  .text              ro code   0x800'48ec     0x4  startup_stm32l4s5xx.o [1]
  .text              ro code   0x800'48f0     0x4  startup_stm32l4s5xx.o [1]
  .text              ro code   0x800'48f4     0x4  startup_stm32l4s5xx.o [1]
  .text              ro code   0x800'48f8     0x4  startup_stm32l4s5xx.o [1]
  .text              ro code   0x800'48fc     0x4  startup_stm32l4s5xx.o [1]
  .text              ro code   0x800'4900     0x4  startup_stm32l4s5xx.o [1]
  .text              ro code   0x800'4904     0x4  startup_stm32l4s5xx.o [1]
  .text              ro code   0x800'4908     0x4  startup_stm32l4s5xx.o [1]
  .text              ro code   0x800'490c     0x4  startup_stm32l4s5xx.o [1]
  .text              ro code   0x800'4910     0x4  startup_stm32l4s5xx.o [1]
  .text              ro code   0x800'4914     0x4  startup_stm32l4s5xx.o [1]
  .text              ro code   0x800'4918     0x4  startup_stm32l4s5xx.o [1]
  .text              ro code   0x800'491c     0x4  startup_stm32l4s5xx.o [1]
  .text              ro code   0x800'4920     0x4  startup_stm32l4s5xx.o [1]
  .text              ro code   0x800'4924     0x4  startup_stm32l4s5xx.o [1]
  .text              ro code   0x800'4928     0x4  startup_stm32l4s5xx.o [1]
  .text              ro code   0x800'492c     0x4  startup_stm32l4s5xx.o [1]
  .text              ro code   0x800'4930     0x4  startup_stm32l4s5xx.o [1]
  .text              ro code   0x800'4934     0x4  startup_stm32l4s5xx.o [1]
  .text              ro code   0x800'4938     0x4  startup_stm32l4s5xx.o [1]
  .text              ro code   0x800'493c     0x4  startup_stm32l4s5xx.o [1]
  .text              ro code   0x800'4940     0x4  startup_stm32l4s5xx.o [1]
  .text              ro code   0x800'4944     0x4  startup_stm32l4s5xx.o [1]
  .text              ro code   0x800'4948     0x4  startup_stm32l4s5xx.o [1]
  .text              ro code   0x800'494c     0x4  startup_stm32l4s5xx.o [1]
  .text              ro code   0x800'4950     0x4  startup_stm32l4s5xx.o [1]
  .text              ro code   0x800'4954     0x4  startup_stm32l4s5xx.o [1]
  .text              ro code   0x800'4958     0x4  startup_stm32l4s5xx.o [1]
  .text              ro code   0x800'495c     0x4  startup_stm32l4s5xx.o [1]
  .text              ro code   0x800'4960     0x4  startup_stm32l4s5xx.o [1]
  .text              ro code   0x800'4964     0x4  startup_stm32l4s5xx.o [1]
  .text              ro code   0x800'4968     0x4  startup_stm32l4s5xx.o [1]
  .text              ro code   0x800'496c     0x4  startup_stm32l4s5xx.o [1]
  .text              ro code   0x800'4970     0x4  startup_stm32l4s5xx.o [1]
  .text              ro code   0x800'4974     0x4  startup_stm32l4s5xx.o [1]
  .text              ro code   0x800'4978     0x4  startup_stm32l4s5xx.o [1]
  .text              ro code   0x800'497c     0x4  startup_stm32l4s5xx.o [1]
  .text              ro code   0x800'4980     0x4  startup_stm32l4s5xx.o [1]
  .text              ro code   0x800'4984     0x4  startup_stm32l4s5xx.o [1]
  .text              ro code   0x800'4988     0x4  startup_stm32l4s5xx.o [1]
  .text              ro code   0x800'498c     0x4  startup_stm32l4s5xx.o [1]
  .text              ro code   0x800'4990     0x4  startup_stm32l4s5xx.o [1]
  .text              ro code   0x800'4994     0x4  startup_stm32l4s5xx.o [1]
  .text              ro code   0x800'4998     0x4  startup_stm32l4s5xx.o [1]
  .text              ro code   0x800'499c     0x4  startup_stm32l4s5xx.o [1]
  .text              ro code   0x800'49a0     0x4  startup_stm32l4s5xx.o [1]
  .text              ro code   0x800'49a4     0x4  startup_stm32l4s5xx.o [1]
  .text              ro code   0x800'49a8     0x4  startup_stm32l4s5xx.o [1]
  .text              ro code   0x800'49ac     0x4  startup_stm32l4s5xx.o [1]
  .text              ro code   0x800'49b0     0x4  startup_stm32l4s5xx.o [1]
  .text              ro code   0x800'49b4     0x4  startup_stm32l4s5xx.o [1]
  .text              ro code   0x800'49b8     0x4  startup_stm32l4s5xx.o [1]
  .text              ro code   0x800'49bc     0x4  startup_stm32l4s5xx.o [1]
  .text              ro code   0x800'49c0     0x4  startup_stm32l4s5xx.o [1]
  .text              ro code   0x800'49c4     0x4  startup_stm32l4s5xx.o [1]
  .text              ro code   0x800'49c8     0x4  startup_stm32l4s5xx.o [1]
  .text              ro code   0x800'49cc     0x4  startup_stm32l4s5xx.o [1]
  .text              ro code   0x800'49d0     0x4  startup_stm32l4s5xx.o [1]
  .text              ro code   0x800'49d4     0x4  startup_stm32l4s5xx.o [1]
  .text              ro code   0x800'49d8     0x4  startup_stm32l4s5xx.o [1]
  .text              ro code   0x800'49dc     0x4  startup_stm32l4s5xx.o [1]
  .text              ro code   0x800'49e0     0x4  startup_stm32l4s5xx.o [1]
  .text              ro code   0x800'49e4     0x4  startup_stm32l4s5xx.o [1]
  .text              ro code   0x800'49e8     0x4  startup_stm32l4s5xx.o [1]
  .text              ro code   0x800'49ec     0x4  startup_stm32l4s5xx.o [1]
  .text              ro code   0x800'49f0     0x4  startup_stm32l4s5xx.o [1]
  .text              ro code   0x800'49f4     0x4  startup_stm32l4s5xx.o [1]
  .text              ro code   0x800'49f8     0x4  startup_stm32l4s5xx.o [1]
  .text              ro code   0x800'49fc     0x4  startup_stm32l4s5xx.o [1]
  .text              ro code   0x800'4a00     0x4  startup_stm32l4s5xx.o [1]
  .text              ro code   0x800'4a04     0x4  startup_stm32l4s5xx.o [1]
  .text              ro code   0x800'4a08     0x4  startup_stm32l4s5xx.o [1]
  .text              ro code   0x800'4a0c     0x4  startup_stm32l4s5xx.o [1]
  .text              ro code   0x800'4a10     0x4  startup_stm32l4s5xx.o [1]
  .text              ro code   0x800'4a14     0x4  startup_stm32l4s5xx.o [1]
  .text              ro code   0x800'4a18     0x4  startup_stm32l4s5xx.o [1]
  .text              ro code   0x800'4a1c     0x4  startup_stm32l4s5xx.o [1]
  .text              ro code   0x800'4a20     0x4  startup_stm32l4s5xx.o [1]
  .rodata            const     0x800'4a24     0x0  zero_init3.o [7]
  .rodata            const     0x800'4a24     0x0  packbits_init_single.o [7]
  Initializer bytes  const     0x800'4a24    0x6a  <for P2-1>
                             - 0x800'4a8e  0x48d2

"P2", part 1 of 3:                           0xb0
  P2-1                        0x2000'0000    0xb0  <Init block>
    .data            inited   0x2000'0000     0xc  stm32l4xx_hal.o [4]
    .data            inited   0x2000'000c    0x20  stm32l4xx_hal_flash.o [4]
    .data            inited   0x2000'002c     0x4  system_stm32l4xx.o [3]
    .data            inited   0x2000'0030    0x38  xlocale_c.o [5]
    .data            inited   0x2000'0068    0x48  xfiles.o [5]
                            - 0x2000'00b0    0xb0

"P2", part 2 of 3:                          0x10c
  .bss               zero     0x2000'00b0    0x8c  main.o [2]
  .bss               zero     0x2000'013c    0x50  xfiles.o [5]
  .bss               zero     0x2000'018c    0x2c  main.o [2]
  .bss               zero     0x2000'01b8     0x4  xfail_s.o [5]
                            - 0x2000'01bc   0x10c

"P2", part 3 of 3:                          0x400
  CSTACK                      0x2000'01c0   0x400  <Block>
    CSTACK           uninit   0x2000'01c0   0x400  <Block tail>
                            - 0x2000'05c0   0x400

Unused ranges:

         From           To       Size
         ----           --       ----
   0x800'4a8e   0x81f'ffff  0x1f'b572
  0x2000'01bc  0x2000'01bf        0x4
  0x2000'05c0  0x2009'ffff   0x9'fa40


*******************************************************************************
*** INIT TABLE
***

          Address      Size
          -------      ----
Zero (__iar_zero_init3)
    1 destination range, total size 0x10c:
          0x2000'00b0  0x10c

Copy/packbits (__iar_packbits_init_single3)
    1 source range, total size 0x6a (60% of destination):
           0x800'4a24   0x6a
    1 destination range, total size 0xb0:
          0x2000'0000   0xb0



*******************************************************************************
*** MODULE SUMMARY
***

    Module                    ro code  ro data  rw data
    ------                    -------  -------  -------
command line/config:
    ---------------------------------------------------
    Total:

E:\X-CUBE-AWS_2.0.0_QC_2021_10_08\Projects\B-L4S5I-IOT01A\Applications\FLASH_OptionBytes\EWARM\X-CUBE-AWS_2.2.0\Obj\Application\EWARM: [1]
    startup_stm32l4s5xx.o         816
    ---------------------------------------------------
    Total:                        816

E:\X-CUBE-AWS_2.0.0_QC_2021_10_08\Projects\B-L4S5I-IOT01A\Applications\FLASH_OptionBytes\EWARM\X-CUBE-AWS_2.2.0\Obj\Application\User: [2]
    main.o                        788       40      184
    stm32l4xx_hal_flash_ex.o    1'172
    stm32l4xx_hal_msp.o           156
    stm32l4xx_it.o                 20
    ---------------------------------------------------
    Total:                      2'136       40      184

E:\X-CUBE-AWS_2.0.0_QC_2021_10_08\Projects\B-L4S5I-IOT01A\Applications\FLASH_OptionBytes\EWARM\X-CUBE-AWS_2.2.0\Obj\Drivers\CMSIS: [3]
    system_stm32l4xx.o             80       58        4
    ---------------------------------------------------
    Total:                         80       58        4

E:\X-CUBE-AWS_2.0.0_QC_2021_10_08\Projects\B-L4S5I-IOT01A\Applications\FLASH_OptionBytes\EWARM\X-CUBE-AWS_2.2.0\Obj\Drivers\STM32L4xx_HAL_Driver: [4]
    stm32l4xx_hal.o               126        7       12
    stm32l4xx_hal_cortex.o        172
    stm32l4xx_hal_flash.o         216       19       32
    stm32l4xx_hal_gpio.o          488
    stm32l4xx_hal_pwr_ex.o        196
    stm32l4xx_hal_rcc.o         2'004
    stm32l4xx_hal_rcc_ex.o      1'404
    stm32l4xx_hal_uart.o        3'536
    stm32l4xx_hal_uart_ex.o       272
    ---------------------------------------------------
    Total:                      8'414       26       44

dl7M_tlf.a: [5]
    abort.o                         6
    exit.o                          4
    low_level_init.o                4
    printf.o                       40
    putchar.o                      68
    xfail_s.o                      64                 4
    xfiles.o                                44      152
    xlocale_c.o                     8       37       56
    xprintffull_nomb.o          3'886
    xprout.o                       22
    ---------------------------------------------------
    Total:                      4'102       81      212

m7M_tls.a: [6]
    DblAddSub.o                   590
    DblCmpGe.o                     52
    DblCmpLe.o                     52
    DblDiv.o                      582
    DblMul.o                      426
    DblToS32.o                     54
    DblToU32.o                     34
    S32ToDbl.o                     34
    U32ToDbl.o                     28
    fpinit_M.o                     34
    frexp.o                       112
    ldexp.o                       314
    ---------------------------------------------------
    Total:                      2'312

rt7M_tl.a: [7]
    ABImemcpy.o                   166
    ABImemset.o                   102
    I64DivMod_small.o             262
    I64DivZer.o                     2
    cexit.o                        10
    cmain.o                        30
    cstartup_M.o                   28
    data_init.o                    40
    memchr.o                       88
    memset.o                       20
    packbits_init_single.o         58
    strchr.o                       22
    strlen.o                       54
    zero_init3.o                   56
    ---------------------------------------------------
    Total:                        938

shb_l.a: [8]
    exit.o                         20
    ---------------------------------------------------
    Total:                         20

    Gaps                           29        2
    Linker created                          32    1'024
-------------------------------------------------------
    Grand Total:               18'847      239    1'468


*******************************************************************************
*** ENTRY LIST
***

Entry                       Address   Size  Type      Object
-----                       -------   ----  ----      ------
.iar.init_table$$Base    0x800'47fc          --   Gb  - Linker created -
.iar.init_table$$Limit   0x800'481c          --   Gb  - Linker created -
?main                    0x800'481d         Code  Gb  cmain.o [7]
AHBPrescTable            0x800'46cc   0x10  Data  Gb  system_stm32l4xx.o [3]
APBPrescTable            0x800'48b8    0x8  Data  Gb  system_stm32l4xx.o [3]
BusFault_Handler         0x800'4889    0x2  Code  Gb  stm32l4xx_it.o [2]
CSTACK$$Base            0x2000'01c0          --   Gb  - Linker created -
CSTACK$$Limit           0x2000'05c0          --   Gb  - Linker created -
DebugMon_Handler         0x800'488f    0x2  Code  Gb  stm32l4xx_it.o [2]
Error_Handler            0x800'4451    0x4  Code  Gb  main.o [2]
FLASH_WaitForLastOperation
                         0x800'41af   0x4a  Code  Gb  stm32l4xx_hal_flash.o [4]
HAL_FLASHEx_OBGetConfig
                         0x800'3fc5  0x140  Code  Gb  stm32l4xx_hal_flash_ex.o [2]
HAL_FLASHEx_OBProgram    0x800'3cb5  0x2d2  Code  Gb  stm32l4xx_hal_flash_ex.o [2]
HAL_FLASH_Lock           0x800'4169    0xa  Code  Gb  stm32l4xx_hal_flash.o [4]
HAL_FLASH_OB_Launch      0x800'419f   0x10  Code  Gb  stm32l4xx_hal_flash.o [4]
HAL_FLASH_OB_Lock        0x800'4191    0x8  Code  Gb  stm32l4xx_hal_flash.o [4]
HAL_FLASH_OB_Unlock      0x800'4173   0x1e  Code  Gb  stm32l4xx_hal_flash.o [4]
HAL_FLASH_Unlock         0x800'4149   0x20  Code  Gb  stm32l4xx_hal_flash.o [4]
HAL_GPIO_Init            0x800'3335  0x1be  Code  Gb  stm32l4xx_hal_gpio.o [4]
HAL_GetTick              0x800'2b41    0xc  Code  Wk  stm32l4xx_hal.o [4]
HAL_IncTick              0x800'4899   0x10  Code  Wk  stm32l4xx_hal.o [4]
HAL_Init                 0x800'4535   0x1e  Code  Gb  stm32l4xx_hal.o [4]
HAL_InitTick             0x800'351d   0x44  Code  Wk  stm32l4xx_hal.o [4]
HAL_MspInit              0x800'2aa5   0x2c  Code  Gb  stm32l4xx_hal_msp.o [2]
HAL_NVIC_SetPriority     0x800'36c1   0x3a  Code  Gb  stm32l4xx_hal_cortex.o [4]
HAL_NVIC_SetPriorityGrouping
                         0x800'36a7   0x1a  Code  Gb  stm32l4xx_hal_cortex.o [4]
HAL_PWREx_ControlVoltageScaling
                         0x800'358b   0x52  Code  Gb  stm32l4xx_hal_pwr_ex.o [4]
HAL_PWREx_GetVoltageRange
                         0x800'3561   0x2a  Code  Gb  stm32l4xx_hal_pwr_ex.o [4]
HAL_RCCEx_PeriphCLKConfig
                         0x800'3739  0x380  Code  Gb  stm32l4xx_hal_rcc_ex.o [4]
HAL_RCC_ClockConfig      0x800'2ff9  0x190  Code  Gb  stm32l4xx_hal_rcc.o [4]
HAL_RCC_GetPCLK1Freq     0x800'3245   0x10  Code  Gb  stm32l4xx_hal_rcc.o [4]
HAL_RCC_GetPCLK2Freq     0x800'3255    0xe  Code  Gb  stm32l4xx_hal_rcc.o [4]
HAL_RCC_GetSysClockFreq
                         0x800'31b3   0x92  Code  Gb  stm32l4xx_hal_rcc.o [4]
HAL_RCC_OscConfig        0x800'2b4d  0x480  Code  Gb  stm32l4xx_hal_rcc.o [4]
HAL_SYSTICK_Config       0x800'36fb   0x28  Code  Gb  stm32l4xx_hal_cortex.o [4]
HAL_UARTEx_DisableFifoMode
                         0x800'4555   0x3c  Code  Gb  stm32l4xx_hal_uart_ex.o [4]
HAL_UARTEx_SetRxFifoThreshold
                         0x800'45a7   0x14  Code  Gb  stm32l4xx_hal_uart_ex.o [4]
HAL_UARTEx_SetTxFifoThreshold
                         0x800'4591   0x16  Code  Gb  stm32l4xx_hal_uart_ex.o [4]
HAL_UART_Init            0x800'1cd5   0x30  Code  Gb  stm32l4xx_hal_uart.o [4]
HAL_UART_MspInit         0x800'2ad1   0x5e  Code  Gb  stm32l4xx_hal_msp.o [2]
HAL_UART_Transmit        0x800'1d55   0xb8  Code  Gb  stm32l4xx_hal_uart.o [4]
HardFault_Handler        0x800'4885    0x2  Code  Gb  stm32l4xx_it.o [2]
MSIRangeTable            0x800'4758   0x30  Data  Gb  system_stm32l4xx.o [3]
MemManage_Handler        0x800'4887    0x2  Code  Gb  stm32l4xx_it.o [2]
NMI_Handler              0x800'4883    0x2  Code  Gb  stm32l4xx_it.o [2]
OptionsBytesStruct      0x2000'018c   0x28  Data  Lc  main.o [2]
PendSV_Handler           0x800'4891    0x2  Code  Gb  stm32l4xx_it.o [2]
RCCEx_PLLSAI1_Config     0x800'3ae1   0xb0  Code  Lc  stm32l4xx_hal_rcc_ex.o [4]
RCCEx_PLLSAI2_Config     0x800'3b91   0xae  Code  Lc  stm32l4xx_hal_rcc_ex.o [4]
RCC_SetFlashLatencyFromMSIRange
                         0x800'326d   0x6e  Code  Lc  stm32l4xx_hal_rcc.o [4]
Region$$Table$$Base      0x800'47fc          --   Gb  - Linker created -
Region$$Table$$Limit     0x800'481c          --   Gb  - Linker created -
SVC_Handler              0x800'488d    0x2  Code  Gb  stm32l4xx_it.o [2]
SysTick_Handler          0x800'4893    0x4  Code  Gb  stm32l4xx_it.o [2]
SystemClock_Config       0x800'438d   0x90  Code  Gb  main.o [2]
SystemCoreClock         0x2000'002c    0x4  Data  Gb  system_stm32l4xx.o [3]
SystemInit               0x800'468d   0x34  Code  Gb  system_stm32l4xx.o [3]
UARTEx_SetNbDataToProcess
                         0x800'45fd   0x56  Code  Lc  stm32l4xx_hal_uart_ex.o [4]
UART_AdvFeatureConfig    0x800'2881   0xc6  Code  Gb  stm32l4xx_hal_uart.o [4]
UART_CheckIdleState      0x800'2947   0x5c  Code  Gb  stm32l4xx_hal_uart.o [4]
UART_SetConfig           0x800'1e0d  0xa40  Code  Gb  stm32l4xx_hal_uart.o [4]
UART_WaitOnFlagUntilTimeout
                         0x800'29a3   0x72  Code  Gb  stm32l4xx_hal_uart.o [4]
Update_OB               0x2000'01b4    0x4  Data  Gb  main.o [2]
UsageFault_Handler       0x800'488b    0x2  Code  Gb  stm32l4xx_it.o [2]
_LitobFullNoMb           0x800'0ef1  0x10c  Code  Lc  xprintffull_nomb.o [5]
_Locale_lconv           0x2000'0030   0x38  Data  Lc  xlocale_c.o [5]
_PrintfFullNoMb          0x800'01bd  0xd04  Code  Gb  xprintffull_nomb.o [5]
_Prout                   0x800'486d   0x16  Code  Gb  xprout.o [5]
_PutcharFullNoMb         0x800'1055   0x20  Code  Lc  xprintffull_nomb.o [5]
_PutcharsFullNoMb        0x800'1075   0x2e  Code  Lc  xprintffull_nomb.o [5]
__NVIC_SetPriority       0x800'368d   0x1a  Code  Lc  stm32l4xx_hal_cortex.o [4]
__aeabi_cdcmple          0x800'1325         Code  Gb  DblCmpLe.o [6]
__aeabi_cdrcmple         0x800'1359         Code  Gb  DblCmpGe.o [6]
__aeabi_d2iz             0x800'14c9         Code  Gb  DblToS32.o [6]
__aeabi_d2uiz            0x800'19bd         Code  Gb  DblToU32.o [6]
__aeabi_ddiv             0x800'1775         Code  Gb  DblDiv.o [6]
__aeabi_dmul             0x800'19fd         Code  Gb  DblMul.o [6]
__aeabi_dsub             0x800'1691         Code  Gb  DblAddSub.o [6]
__aeabi_i2d              0x800'1501         Code  Gb  S32ToDbl.o [6]
__aeabi_ldiv0            0x800'1cbd         Code  Gb  I64DivZer.o [7]
__aeabi_memcpy           0x800'120d         Code  Gb  ABImemcpy.o [7]
__aeabi_memcpy4          0x800'122d         Code  Gb  ABImemcpy.o [7]
__aeabi_memcpy8          0x800'122d         Code  Gb  ABImemcpy.o [7]
__aeabi_memset           0x800'3625         Code  Gb  ABImemset.o [7]
__aeabi_ui2d             0x800'19e1         Code  Gb  U32ToDbl.o [6]
__cmain                  0x800'481d         Code  Gb  cmain.o [7]
__exit                   0x800'1cc1   0x14  Code  Gb  exit.o [8]
__iar_Fail_s             0x800'113d   0x1c  Code  Gb  xfail_s.o [5]
__iar_Memchr             0x800'11b5         Code  Gb  memchr.o [7]
__iar_Memset             0x800'3625         Code  Gb  ABImemset.o [7]
__iar_Memset_word        0x800'362d         Code  Gb  ABImemset.o [7]
__iar_Stdout            0x2000'0068   0x48  Data  Gb  xfiles.o [5]
__iar_Strchr             0x800'1125         Code  Gb  strchr.o [7]
__iar_data_init3         0x800'47b1   0x28  Code  Gb  data_init.o [7]
__iar_frexp              0x800'12c1         Code  Gb  frexp.o [6]
__iar_frexpl             0x800'12c1         Code  Gb  frexp.o [6]
__iar_init_vfp           0x800'47d9         Code  Gb  fpinit_M.o [6]
__iar_ldexp64            0x800'138d         Code  Gb  ldexp.o [6]
__iar_packbits_init_single3
                         0x800'10eb   0x3a  Code  Gb  packbits_init_single.o [7]
__iar_program_start      0x800'4851         Code  Gb  cstartup_M.o [7]
__iar_scalbln64          0x800'138d         Code  Gb  ldexp.o [6]
__iar_scalbn64           0x800'138d         Code  Gb  ldexp.o [6]
__iar_small_uldivmod     0x800'1bb1         Code  Gb  I64DivMod_small.o [7]
__iar_softfp___iar_frexp64
                         0x800'12b5         Code  Gb  frexp.o [6]
__iar_softfp_frexp       0x800'12b5         Code  Gb  frexp.o [6]
__iar_softfp_frexpl      0x800'12b5         Code  Gb  frexp.o [6]
__iar_zero_init3         0x800'4721   0x38  Code  Gb  zero_init3.o [7]
__low_level_init         0x800'483b    0x4  Code  Gb  low_level_init.o [5]
__vector_table           0x800'0000         Data  Gb  startup_stm32l4s5xx.o [1]
__write                  0x800'441d   0x14  Code  Gb  main.o [2]
_call_main               0x800'4829         Code  Gb  cmain.o [7]
_exit                    0x800'4845         Code  Gb  cexit.o [7]
abort                    0x800'1cb7    0x6  Code  Gb  abort.o [5]
exit                     0x800'483f    0x4  Code  Gb  exit.o [5]
huart1                  0x2000'00b0   0x8c  Data  Gb  main.o [2]
ldexp                    0x800'138d         Code  Gb  ldexp.o [6]
ldexpl                   0x800'138d         Code  Gb  ldexp.o [6]
localeconv               0x800'1ba9    0x4  Code  Gb  xlocale_c.o [5]
main                     0x800'4221  0x16c  Code  Gb  main.o [2]
memchr                   0x800'11b5         Code  Gb  memchr.o [7]
memset                   0x800'3321   0x14  Code  Gb  memset.o [7]
obuf                    0x2000'013c   0x50  Data  Lc  xfiles.o [5]
pFlash                  0x2000'000c   0x20  Data  Gb  stm32l4xx_hal_flash.o [4]
printf                   0x800'4665   0x28  Code  Gb  printf.o [5]
putchar                  0x800'46dd   0x44  Code  Gb  putchar.o [5]
scalbln                  0x800'138d         Code  Gb  ldexp.o [6]
scalblnl                 0x800'138d         Code  Gb  ldexp.o [6]
scalbn                   0x800'138d         Code  Gb  ldexp.o [6]
scalbnl                  0x800'138d         Code  Gb  ldexp.o [6]
scale                    0x800'0ffd   0x46  Code  Lc  xprintffull_nomb.o [5]
sec_hand                0x2000'01b8    0x4  Data  Lc  xfail_s.o [5]
strchr                   0x800'1125         Code  Gb  strchr.o [7]
strlen                   0x800'117d         Code  Gb  strlen.o [7]
uwTick                  0x2000'0000    0x4  Data  Gb  stm32l4xx_hal.o [4]
uwTickFreq              0x2000'0008    0x4  Data  Gb  stm32l4xx_hal.o [4]
uwTickPrio              0x2000'0004    0x4  Data  Gb  stm32l4xx_hal.o [4]


[1] = E:\X-CUBE-AWS_2.0.0_QC_2021_10_08\Projects\B-L4S5I-IOT01A\Applications\FLASH_OptionBytes\EWARM\X-CUBE-AWS_2.2.0\Obj\Application\EWARM
[2] = E:\X-CUBE-AWS_2.0.0_QC_2021_10_08\Projects\B-L4S5I-IOT01A\Applications\FLASH_OptionBytes\EWARM\X-CUBE-AWS_2.2.0\Obj\Application\User
[3] = E:\X-CUBE-AWS_2.0.0_QC_2021_10_08\Projects\B-L4S5I-IOT01A\Applications\FLASH_OptionBytes\EWARM\X-CUBE-AWS_2.2.0\Obj\Drivers\CMSIS
[4] = E:\X-CUBE-AWS_2.0.0_QC_2021_10_08\Projects\B-L4S5I-IOT01A\Applications\FLASH_OptionBytes\EWARM\X-CUBE-AWS_2.2.0\Obj\Drivers\STM32L4xx_HAL_Driver
[5] = dl7M_tlf.a
[6] = m7M_tls.a
[7] = rt7M_tl.a
[8] = shb_l.a

  18'847 bytes of readonly  code memory
     239 bytes of readonly  data memory
   1'468 bytes of readwrite data memory

Errors: none
Warnings: none
